// Vitest Snapshot v1, https://vitest.dev/guide/snapshot.html

exports[`markdown resilience snapshots (TEST-04) > hostile-uris.md 1`] = `"<p><a></a></p><p></p>"`;

exports[`markdown resilience snapshots (TEST-04) > malformed.md 1`] = `"<p></p><p></p>"`;

exports[`markdown sanitized HTML snapshots (TEST-03) > fr01/blockquote.md 1`] = `"<blockquote><p></p><p></p></blockquote>"`;

exports[`markdown sanitized HTML snapshots (TEST-03) > fr01/code-fence.md 1`] = `"<pre><code></code></pre>"`;

exports[`markdown sanitized HTML snapshots (TEST-03) > fr01/heading.md 1`] = `"<h1></h1><h1></h1><h2></h2><h3></h3>"`;

exports[`markdown sanitized HTML snapshots (TEST-03) > fr01/image.md 1`] = `"<p><img src="relative-image.png" alt=""></p>"`;

exports[`markdown sanitized HTML snapshots (TEST-03) > fr01/inline-code.md 1`] = `"<p><code></code></p>"`;

exports[`markdown sanitized HTML snapshots (TEST-03) > fr01/link.md 1`] = `"<p><a href="https://example.com"></a></p>"`;

exports[`markdown sanitized HTML snapshots (TEST-03) > fr01/list-ordered.md 1`] = `"<ol><li><p></p></li><li><p></p></li><li><p></p></li></ol>"`;

exports[`markdown sanitized HTML snapshots (TEST-03) > fr01/list-unordered.md 1`] = `"<ul><li><p></p></li><li><p></p></li><li><p></p></li></ul>"`;

exports[`markdown sanitized HTML snapshots (TEST-03) > fr01/paragraph-emphasis.md 1`] = `"<p><em></em><strong></strong></p>"`;

exports[`markdown sanitized HTML snapshots (TEST-03) > fr01/thematic-break.md 1`] = `"<p></p><hr><p></p>"`;
